// Jest Snapshot v1, https://goo.gl/fbAQLP

exports[`DeckList page renders DeckList page component 1`] = `null`;
