// Jest Snapshot v1, https://goo.gl/fbAQLP

exports[`Home Page should render Home page 1`] = `null`;
